// Jest Snapshot v1, https://goo.gl/fbAQLP

exports[`Constants: environmentStatus should match the snapshot 1`] = `
Object {
  "ACTIVE": "active",
  "TERMINATING": "terminating",
}
`;
