// Jest Snapshot v1, https://goo.gl/fbAQLP

exports[`Constants should match the snapshot - TOAST_CONFIG 1`] = `
Object {
  "AUTO_CLOSE": 5000,
}
`;
