// Jest Snapshot v1, https://goo.gl/fbAQLP

exports[`Constants: projectStatus should match the snapshot 1`] = `
Object {
  "ACTIVE": "Active",
  "TERMINATING": "Terminating",
}
`;
