// Jest Snapshot v1, https://goo.gl/fbAQLP

exports[`Constants: PROMOTE_STATUS should match the snapshot 1`] = `
Object {
  "FULLY_PROMOTED": "FULLY_PROMOTED",
  "NOT_PROMOTED": "NOT_PROMOTED",
  "PARTIALLY_PROMOTED": "PARTIALLY_PROMOTED",
}
`;
