// Jest Snapshot v1, https://goo.gl/fbAQLP

exports[`Components: FixedWidthBox it should match the snapshot 1`] = `
.c0 {
  box-sizing: border-box;
  max-width: 240px;
  min-width: 240px !important;
}

<div
  className="src__Box-sc-1sbtrzs-0 c0"
/>
`;
